Archive member included to satisfy reference by file (symbol)

C:/ST/STM32CubeIDE_1.12.1/STM32CubeIDE/plugins/com.st.stm32cube.ide.mcu.externaltools.gnu-tools-for-stm32.11.3.rel1.win32_1.1.1.202309131626/tools/bin/../lib/gcc/arm-none-eabi/11.3.1/../../../../arm-none-eabi/lib/thumb/v7e-m+fp/hard\libc_nano.a(libc_a-exit.o)
                              C:/ST/STM32CubeIDE_1.12.1/STM32CubeIDE/plugins/com.st.stm32cube.ide.mcu.externaltools.gnu-tools-for-stm32.11.3.rel1.win32_1.1.1.202309131626/tools/bin/../lib/gcc/arm-none-eabi/11.3.1/../../../../arm-none-eabi/lib/thumb/v7e-m+fp/hard/crt0.o (exit)
C:/ST/STM32CubeIDE_1.12.1/STM32CubeIDE/plugins/com.st.stm32cube.ide.mcu.externaltools.gnu-tools-for-stm32.11.3.rel1.win32_1.1.1.202309131626/tools/bin/../lib/gcc/arm-none-eabi/11.3.1/../../../../arm-none-eabi/lib/thumb/v7e-m+fp/hard\libc_nano.a(libc_a-findfp.o)
                              C:/ST/STM32CubeIDE_1.12.1/STM32CubeIDE/plugins/com.st.stm32cube.ide.mcu.externaltools.gnu-tools-for-stm32.11.3.rel1.win32_1.1.1.202309131626/tools/bin/../lib/gcc/arm-none-eabi/11.3.1/../../../../arm-none-eabi/lib/thumb/v7e-m+fp/hard\libc_nano.a(libc_a-exit.o) (__stdio_exit_handler)
C:/ST/STM32CubeIDE_1.12.1/STM32CubeIDE/plugins/com.st.stm32cube.ide.mcu.externaltools.gnu-tools-for-stm32.11.3.rel1.win32_1.1.1.202309131626/tools/bin/../lib/gcc/arm-none-eabi/11.3.1/../../../../arm-none-eabi/lib/thumb/v7e-m+fp/hard\libc_nano.a(libc_a-fwalk.o)
                              C:/ST/STM32CubeIDE_1.12.1/STM32CubeIDE/plugins/com.st.stm32cube.ide.mcu.externaltools.gnu-tools-for-stm32.11.3.rel1.win32_1.1.1.202309131626/tools/bin/../lib/gcc/arm-none-eabi/11.3.1/../../../../arm-none-eabi/lib/thumb/v7e-m+fp/hard\libc_nano.a(libc_a-findfp.o) (_fwalk_sglue)
C:/ST/STM32CubeIDE_1.12.1/STM32CubeIDE/plugins/com.st.stm32cube.ide.mcu.externaltools.gnu-tools-for-stm32.11.3.rel1.win32_1.1.1.202309131626/tools/bin/../lib/gcc/arm-none-eabi/11.3.1/../../../../arm-none-eabi/lib/thumb/v7e-m+fp/hard\libc_nano.a(libc_a-stdio.o)
                              C:/ST/STM32CubeIDE_1.12.1/STM32CubeIDE/plugins/com.st.stm32cube.ide.mcu.externaltools.gnu-tools-for-stm32.11.3.rel1.win32_1.1.1.202309131626/tools/bin/../lib/gcc/arm-none-eabi/11.3.1/../../../../arm-none-eabi/lib/thumb/v7e-m+fp/hard\libc_nano.a(libc_a-findfp.o) (__sread)
C:/ST/STM32CubeIDE_1.12.1/STM32CubeIDE/plugins/com.st.stm32cube.ide.mcu.externaltools.gnu-tools-for-stm32.11.3.rel1.win32_1.1.1.202309131626/tools/bin/../lib/gcc/arm-none-eabi/11.3.1/../../../../arm-none-eabi/lib/thumb/v7e-m+fp/hard\libc_nano.a(libc_a-memset.o)
                              C:/ST/STM32CubeIDE_1.12.1/STM32CubeIDE/plugins/com.st.stm32cube.ide.mcu.externaltools.gnu-tools-for-stm32.11.3.rel1.win32_1.1.1.202309131626/tools/bin/../lib/gcc/arm-none-eabi/11.3.1/../../../../arm-none-eabi/lib/thumb/v7e-m+fp/hard/crt0.o (memset)
C:/ST/STM32CubeIDE_1.12.1/STM32CubeIDE/plugins/com.st.stm32cube.ide.mcu.externaltools.gnu-tools-for-stm32.11.3.rel1.win32_1.1.1.202309131626/tools/bin/../lib/gcc/arm-none-eabi/11.3.1/../../../../arm-none-eabi/lib/thumb/v7e-m+fp/hard\libc_nano.a(libc_a-closer.o)
                              C:/ST/STM32CubeIDE_1.12.1/STM32CubeIDE/plugins/com.st.stm32cube.ide.mcu.externaltools.gnu-tools-for-stm32.11.3.rel1.win32_1.1.1.202309131626/tools/bin/../lib/gcc/arm-none-eabi/11.3.1/../../../../arm-none-eabi/lib/thumb/v7e-m+fp/hard\libc_nano.a(libc_a-stdio.o) (_close_r)
C:/ST/STM32CubeIDE_1.12.1/STM32CubeIDE/plugins/com.st.stm32cube.ide.mcu.externaltools.gnu-tools-for-stm32.11.3.rel1.win32_1.1.1.202309131626/tools/bin/../lib/gcc/arm-none-eabi/11.3.1/../../../../arm-none-eabi/lib/thumb/v7e-m+fp/hard\libc_nano.a(libc_a-reent.o)
                              C:/ST/STM32CubeIDE_1.12.1/STM32CubeIDE/plugins/com.st.stm32cube.ide.mcu.externaltools.gnu-tools-for-stm32.11.3.rel1.win32_1.1.1.202309131626/tools/bin/../lib/gcc/arm-none-eabi/11.3.1/../../../../arm-none-eabi/lib/thumb/v7e-m+fp/hard\libc_nano.a(libc_a-closer.o) (errno)
C:/ST/STM32CubeIDE_1.12.1/STM32CubeIDE/plugins/com.st.stm32cube.ide.mcu.externaltools.gnu-tools-for-stm32.11.3.rel1.win32_1.1.1.202309131626/tools/bin/../lib/gcc/arm-none-eabi/11.3.1/../../../../arm-none-eabi/lib/thumb/v7e-m+fp/hard\libc_nano.a(libc_a-impure.o)
                              C:/ST/STM32CubeIDE_1.12.1/STM32CubeIDE/plugins/com.st.stm32cube.ide.mcu.externaltools.gnu-tools-for-stm32.11.3.rel1.win32_1.1.1.202309131626/tools/bin/../lib/gcc/arm-none-eabi/11.3.1/../../../../arm-none-eabi/lib/thumb/v7e-m+fp/hard\libc_nano.a(libc_a-reent.o) (_impure_ptr)
C:/ST/STM32CubeIDE_1.12.1/STM32CubeIDE/plugins/com.st.stm32cube.ide.mcu.externaltools.gnu-tools-for-stm32.11.3.rel1.win32_1.1.1.202309131626/tools/bin/../lib/gcc/arm-none-eabi/11.3.1/../../../../arm-none-eabi/lib/thumb/v7e-m+fp/hard\libc_nano.a(libc_a-lseekr.o)
[...]
Memory Configuration

Name             Origin             Length             Attributes
RAM              0x0000000020000000 0x0000000000018000 xrw
FLASH            0x0000000008000000 0x0000000000080000 xr
*default*        0x0000000000000000 0xffffffffffffffff

Linker script and memory map

LOAD C:/ST/STM32CubeIDE_1.12.1/STM32CubeIDE/plugins/com.st.stm32cube.ide.mcu.externaltools.gnu-tools-for-stm32.11.3.rel1.win32_1.1.1.202309131626/tools/bin/../lib/gcc/arm-none-eabi/11.3.1/thumb/v7e-m+fp/hard/crti.o
LOAD C:/ST/STM32CubeIDE_1.12.1/STM32CubeIDE/plugins/com.st.stm32cube.ide.mcu.externaltools.gnu-tools-for-stm32.11.3.rel1.win32_1.1.1.202309131626/tools/bin/../lib/gcc/arm-none-eabi/11.3.1/thumb/v7e-m+fp/hard/crtbegin.o
LOAD C:/ST/STM32CubeIDE_1.12.1/STM32CubeIDE/plugins/com.st.stm32cube.ide.mcu.externaltools.gnu-tools-for-stm32.11.3.rel1.win32_1.1.1.202309131626/tools/bin/../lib/gcc/arm-none-eabi/11.3.1/../../../../arm-none-eabi/lib/thumb/v7e-m+fp/hard/crt0.o
LOAD ./Drivers/Ring_Buffer.o
LOAD ./Drivers/stm32f401_gpio.o
LOAD ./Drivers/stm32f401_rcc.o
LOAD ./Drivers/stm32f401_uart.o
LOAD ./Function_Examples/UART_Rx.o
LOAD ./Function_Examples/UART_Rx_Interrupt.o
LOAD ./Function_Examples/UART_Tx.o
LOAD ./Function_Examples/UART_TxRx.o
LOAD ./Function_Examples/UART_Tx_Interrupt.o
LOAD ./Src/syscalls.o
LOAD ./Src/sysmem.o
LOAD ./Startup/startup_stm32f401retx.o
START GROUP
LOAD C:/ST/STM32CubeIDE_1.12.1/STM32CubeIDE/plugins/com.st.stm32cube.ide.mcu.externaltools.gnu-tools-for-stm32.11.3.rel1.win32_1.1.1.202309131626/tools/bin/../lib/gcc/arm-none-eabi/11.3.1/../../../../arm-none-eabi/lib/thumb/v7e-m+fp/hard\libc_nano.a
LOAD C:/ST/STM32CubeIDE_1.12.1/STM32CubeIDE/plugins/com.st.stm32cube.ide.mcu.externaltools.gnu-tools-for-stm32.11.3.rel1.win32_1.1.1.202309131626/tools/bin/../lib/gcc/arm-none-eabi/11.3.1/../../../../arm-none-eabi/lib/thumb/v7e-m+fp/hard\libm.a
END GROUP
START GROUP
LOAD C:/ST/STM32CubeIDE_1.12.1/STM32CubeIDE/plugins/com.st.stm32cube.ide.mcu.externaltools.gnu-tools-for-stm32.11.3.rel1.win32_1.1.1.202309131626/tools/bin/../lib/gcc/arm-none-eabi/11.3.1/thumb/v7e-m+fp/hard\libgcc.a
LOAD C:/ST/STM32CubeIDE_1.12.1/STM32CubeIDE/plugins/com.st.stm32cube.ide.mcu.externaltools.gnu-tools-for-stm32.11.3.rel1.win32_1.1.1.202309131626/tools/bin/../lib/gcc/arm-none-eabi/11.3.1/../../../../arm-none-eabi/lib/thumb/v7e-m+fp/hard\libc_nano.a
END GROUP
START GROUP
LOAD C:/ST/STM32CubeIDE_1.12.1/STM32CubeIDE/plugins/com.st.stm32cube.ide.mcu.externaltools.gnu-tools-for-stm32.11.3.rel1.win32_1.1.1.202309131626/tools/bin/../lib/gcc/arm-none-eabi/11.3.1/thumb/v7e-m+fp/hard\libgcc.a
LOAD C:/ST/STM32CubeIDE_1.12.1/STM32CubeIDE/plugins/com.st.stm32cube.ide.mcu.externaltools.gnu-tools-for-stm32.11.3.rel1.win32_1.1.1.202309131626/tools/bin/../lib/gcc/arm-none-eabi/11.3.1/../../../../arm-none-eabi/lib/thumb/v7e-m+fp/hard\libc_nano.a
LOAD C:/ST/STM32CubeIDE_1.12.1/STM32CubeIDE/plugins/com.st.stm32cube.ide.mcu.externaltools.gnu-tools-for-stm32.11.3.rel1.win32_1.1.1.202309131626/tools/bin/../lib/gcc/arm-none-eabi/11.3.1/../../../../arm-none-eabi/lib/thumb/v7e-m+fp/hard\libnosys.a
END GROUP
START GROUP
LOAD C:/ST/STM32CubeIDE_1.12.1/STM32CubeIDE/plugins/com.st.stm32cube.ide.mcu.externaltools.gnu-tools-for-stm32.11.3.rel1.win32_1.1.1.202309131626/tools/bin/../lib/gcc/arm-none-eabi/11.3.1/thumb/v7e-m+fp/hard\libgcc.a
LOAD C:/ST/STM32CubeIDE_1.12.1/STM32CubeIDE/plugins/com.st.stm32cube.ide.mcu.externaltools.gnu-tools-for-stm32.11.3.rel1.win32_1.1.1.202309131626/tools/bin/../lib/gcc/arm-none-eabi/11.3.1/../../../../arm-none-eabi/lib/thumb/v7e-m+fp/hard\libc_nano.a
LOAD C:/ST/STM32CubeIDE_1.12.1/STM32CubeIDE/plugins/com.st.stm32cube.ide.mcu.externaltools.gnu-tools-for-stm32.11.3.rel1.win32_1.1.1.202309131626/tools/bin/../lib/gcc/arm-none-eabi/11.3.1/../../../../arm-none-eabi/lib/thumb/v7e-m+fp/hard\libnosys.a
END GROUP
LOAD C:/ST/STM32CubeIDE_1.12.1/STM32CubeIDE/plugins/com.st.stm32cube.ide.mcu.externaltools.gnu-tools-for-stm32.11.3.rel1.win32_1.1.1.202309131626/tools/bin/../lib/gcc/arm-none-eabi/11.3.1/thumb/v7e-m+fp/hard/crtend.o
LOAD C:/ST/STM32CubeIDE_1.12.1/STM32CubeIDE/plugins/com.st.stm32cube.ide.mcu.externaltools.gnu-tools-for-stm32.11.3.rel1.win32_1.1.1.202309131626/tools/bin/../lib/gcc/arm-none-eabi/11.3.1/thumb/v7e-m+fp/hard/crtn.o
                0x0000000020018000                _estack = (ORIGIN (RAM) + LENGTH (RAM))
                0x0000000000000200                _Min_Heap_Size = 0x200
                0x0000000000000400                _Min_Stack_Size = 0x400

.isr_vector     0x0000000008000000      0x194
                0x0000000008000000                . = ALIGN (0x4)
 *(.isr_vector)
 .isr_vector    0x0000000008000000      0x194 ./Startup/startup_stm32f401retx.o
                0x0000000008000000                g_pfnVectors
                0x0000000008000194                . = ALIGN (0x4)

.text           0x0000000008000194      0xe14
                0x0000000008000194                . = ALIGN (0x4)
 *(.text)
 .text          0x0000000008000194       0x40 C:/ST/STM32CubeIDE_1.12.1/STM32CubeIDE/plugins/com.st.stm32cube.ide.mcu.externaltools.gnu-tools-for-stm32.11.3.rel1.win32_1.1.1.202309131626/tools/bin/../lib/gcc/arm-none-eabi/11.3.1/thumb/v7e-m+fp/hard/crtbegin.o
 *(.text*)
 .text.__NVIC_EnableIRQ
                0x00000000080001d4       0x3c ./Drivers/stm32f401_gpio.o
 .text.GPIO_Config
                0x0000000008000210       0x48 ./Drivers/stm32f401_gpio.o
                0x0000000008000210                GPIO_Config
 .text.GPIO_PeriphClck
                0x0000000008000258      0x108 ./Drivers/stm32f401_gpio.o
                0x0000000008000258                GPIO_PeriphClck
 .text.GPIO_Init
                0x0000000008000360      0x23c ./Drivers/stm32f401_gpio.o
                0x0000000008000360                GPIO_Init
 .text.GPIO_AlternateFunctionConfig
                0x000000000800059c       0x7e ./Drivers/stm32f401_gpio.o
                0x000000000800059c                GPIO_AlternateFunctionConfig
 .text.GPIO_WritePin
                0x000000000800061a       0x74 ./Drivers/stm32f401_gpio.o
                0x000000000800061a                GPIO_WritePin
 *fill*         0x000000000800068e        0x2 
 .text.GPIO_EXTIConfig
                0x0000000008000690      0x188 ./Drivers/stm32f401_gpio.o
                0x0000000008000690                GPIO_EXTIConfig
 .text.RCC_AHB1Cmd
                0x0000000008000818       0x40 ./Drivers/stm32f401_rcc.o
                0x0000000008000818                RCC_AHB1Cmd
 .text.RCC_APB1Cmd
                0x0000000008000858       0x40 ./Drivers/stm32f401_rcc.o
                0x0000000008000858                RCC_APB1Cmd
 .text.RCC_APB2Cmd
                0x0000000008000898       0x40 ./Drivers/stm32f401_rcc.o
                0x0000000008000898                RCC_APB2Cmd
 .text.RCC_GetClockFreq
                0x00000000080008d8      0x140 ./Drivers/stm32f401_rcc.o
                0x00000000080008d8                RCC_GetClockFreq
 .text.UART_Config
                0x0000000008000a18       0x46 ./Drivers/stm32f401_uart.o
                0x0000000008000a18                UART_Config
 .text.Select_UART_Periph
                0x0000000008000a5e       0x80 ./Drivers/stm32f401_uart.o
                0x0000000008000a5e                Select_UART_Periph
 *fill*         0x0000000008000ade        0x2 
 .text.Enable_UART_Periph
                0x0000000008000ae0       0x94 ./Drivers/stm32f401_uart.o
                0x0000000008000ae0                Enable_UART_Periph
 .text.Set_BaudRate
                0x0000000008000b74       0xfc ./Drivers/stm32f401_uart.o
                0x0000000008000b74                Set_BaudRate
 .text.UART_Init
                0x0000000008000c70       0xea ./Drivers/stm32f401_uart.o
                0x0000000008000c70                UART_Init
 .text.WriteByte
                0x0000000008000d5a       0x9e ./Drivers/stm32f401_uart.o
                0x0000000008000d5a                WriteByte
 .text.PrintData
                0x0000000008000df8       0x40 ./Drivers/stm32f401_uart.o
                0x0000000008000df8                PrintData
 .text.main     0x0000000008000e38       0x7c ./Function_Examples/UART_Tx_Interrupt.o
                0x0000000008000e38                main
 .text.EXTI15_10_IRQHandler
                0x0000000008000eb4       0x40 ./Function_Examples/UART_Tx_Interrupt.o
                0x0000000008000eb4                EXTI15_10_IRQHandler
 .text.Reset_Handler
                0x0000000008000ef4       0x50 ./Startup/startup_stm32f401retx.o
                0x0000000008000ef4                Reset_Handler
 .text.Default_Handler
                0x0000000008000f44        0x2 ./Startup/startup_stm32f401retx.o
                0x0000000008000f44                EXTI2_IRQHandler
                0x0000000008000f44                DebugMon_Handler
                0x0000000008000f44                SPI4_IRQHandler
                0x0000000008000f44                TIM1_CC_IRQHandler
                0x0000000008000f44                DMA2_Stream5_IRQHandler
                0x0000000008000f44                HardFault_Handler
                0x0000000008000f44                DMA1_Stream5_IRQHandler
                0x0000000008000f44                SysTick_Handler
                0x0000000008000f44                SDIO_IRQHandler
                0x0000000008000f44                TAMP_STAMP_IRQHandler
                0x0000000008000f44                PendSV_Handler
                0x0000000008000f44                NMI_Handler
                0x0000000008000f44                EXTI3_IRQHandler
                0x0000000008000f44                TIM1_UP_TIM10_IRQHandler
                0x0000000008000f44                I2C3_ER_IRQHandler
                0x0000000008000f44                EXTI18_OTG_FS_WKUP_IRQHandler
                0x0000000008000f44                EXTI0_IRQHandler
                0x0000000008000f44                I2C2_EV_IRQHandler
                0x0000000008000f44                DMA1_Stream2_IRQHandler
                0x0000000008000f44                UsageFault_Handler
                0x0000000008000f44                DMA2_Stream2_IRQHandler
                0x0000000008000f44                SPI1_IRQHandler
                0x0000000008000f44                TIM1_BRK_TIM9_IRQHandler
                0x0000000008000f44                DMA2_Stream3_IRQHandler
                0x0000000008000f44                USART6_IRQHandler
                0x0000000008000f44                DMA2_Stream0_IRQHandler
                0x0000000008000f44                TIM4_IRQHandler
                0x0000000008000f44                I2C1_EV_IRQHandler
                0x0000000008000f44                DMA1_Stream6_IRQHandler
                0x0000000008000f44                DMA1_Stream1_IRQHandler
                0x0000000008000f44                TIM3_IRQHandler
                0x0000000008000f44                RCC_IRQHandler
                0x0000000008000f44                Default_Handler
                0x0000000008000f44                ADC_IRQHandler
                0x0000000008000f44                DMA1_Stream7_IRQHandler
                0x0000000008000f44                TIM5_IRQHandler
                0x0000000008000f44                DMA2_Stream7_IRQHandler
                0x0000000008000f44                I2C3_EV_IRQHandler
                0x0000000008000f44                EXTI9_5_IRQHandler
                0x0000000008000f44                SPI2_IRQHandler
                0x0000000008000f44                MemManage_Handler
                0x0000000008000f44                DMA1_Stream0_IRQHandler
                0x0000000008000f44                SVC_Handler
                0x0000000008000f44                EXTI4_IRQHandler
                0x0000000008000f44                EXTI22_RTC_WKUP_IRQHandler
                0x0000000008000f44                TIM2_IRQHandler
                0x0000000008000f44                EXTI16_PVD_IRQHandler
                0x0000000008000f44                TIM1_TRG_COM_TIM11_IRQHandler
                0x0000000008000f44                EXTI1_IRQHandler
                0x0000000008000f44                EXTI17_RTC_Alarm_IRQHandler
                0x0000000008000f44                USART2_IRQHandler
                0x0000000008000f44                I2C2_ER_IRQHandler
                0x0000000008000f44                DMA2_Stream1_IRQHandler
                0x0000000008000f44                FLASH_IRQHandler
                0x0000000008000f44                DMA2_Stream4_IRQHandler
                0x0000000008000f44                BusFault_Handler
                0x0000000008000f44                USART1_IRQHandler
                0x0000000008000f44                OTG_FS_IRQHandler
                0x0000000008000f44                SPI3_IRQHandler
                0x0000000008000f44                DMA1_Stream4_IRQHandler
                0x0000000008000f44                I2C1_ER_IRQHandler
                0x0000000008000f44                DMA2_Stream6_IRQHandler
                0x0000000008000f44                DMA1_Stream3_IRQHandler
 *fill*         0x0000000008000f46        0x2 
 .text.__libc_init_array
                0x0000000008000f48       0x48 C:/ST/STM32CubeIDE_1.12.1/STM32CubeIDE/plugins/com.st.stm32cube.ide.mcu.externaltools.gnu-tools-for-stm32.11.3.rel1.win32_1.1.1.202309131626/tools/bin/../lib/gcc/arm-none-eabi/11.3.1/../../../../arm-none-eabi/lib/thumb/v7e-m+fp/hard\libc_nano.a(libc_a-init.o)
                0x0000000008000f48                __libc_init_array
 *(.glue_7)
 .glue_7        0x0000000008000f90        0x0 linker stubs
 *(.glue_7t)
 .glue_7t       0x0000000008000f90        0x0 linker stubs
 *(.eh_frame)
 .eh_frame      0x0000000008000f90        0x0 C:/ST/STM32CubeIDE_1.12.1/STM32CubeIDE/plugins/com.st.stm32cube.ide.mcu.externaltools.gnu-tools-for-stm32.11.3.rel1.win32_1.1.1.202309131626/tools/bin/../lib/gcc/arm-none-eabi/11.3.1/thumb/v7e-m+fp/hard/crtbegin.o
 *(.init)
 .init          0x0000000008000f90        0x4 C:/ST/STM32CubeIDE_1.12.1/STM32CubeIDE/plugins/com.st.stm32cube.ide.mcu.externaltools.gnu-tools-for-stm32.11.3.rel1.win32_1.1.1.202309131626/tools/bin/../lib/gcc/arm-none-eabi/11.3.1/thumb/v7e-m+fp/hard/crti.o
                0x0000000008000f90                _init
 .init          0x0000000008000f94        0x8 C:/ST/STM32CubeIDE_1.12.1/STM32CubeIDE/plugins/com.st.stm32cube.ide.mcu.externaltools.gnu-tools-for-stm32.11.3.rel1.win32_1.1.1.202309131626/tools/bin/../lib/gcc/arm-none-eabi/11.3.1/thumb/v7e-m+fp/hard/crtn.o
 *(.fini)
 .fini          0x0000000008000f9c        0x4 C:/ST/STM32CubeIDE_1.12.1/STM32CubeIDE/plugins/com.st.stm32cube.ide.mcu.externaltools.gnu-tools-for-stm32.11.3.rel1.win32_1.1.1.202309131626/tools/bin/../lib/gcc/arm-none-eabi/11.3.1/thumb/v7e-m+fp/hard/crti.o
                0x0000000008000f9c                _fini
 .fini          0x0000000008000fa0        0x8 C:/ST/STM32CubeIDE_1.12.1/STM32CubeIDE/plugins/com.st.stm32cube.ide.mcu.externaltools.gnu-tools-for-stm32.11.3.rel1.win32_1.1.1.202309131626/tools/bin/../lib/gcc/arm-none-eabi/11.3.1/thumb/v7e-m+fp/hard/crtn.o
                0x0000000008000fa8                . = ALIGN (0x4)
                0x0000000008000fa8                _etext = .

.vfp11_veneer   0x0000000008000fa8        0x0
 .vfp11_veneer  0x0000000008000fa8        0x0 linker stubs

.v4_bx          0x0000000008000fa8        0x0
 .v4_bx         0x0000000008000fa8        0x0 linker stubs

.iplt           0x0000000008000fa8        0x0
 .iplt          0x0000000008000fa8        0x0 C:/ST/STM32CubeIDE_1.12.1/STM32CubeIDE/plugins/com.st.stm32cube.ide.mcu.externaltools.gnu-tools-for-stm32.11.3.rel1.win32_1.1.1.202309131626/tools/bin/../lib/gcc/arm-none-eabi/11.3.1/thumb/v7e-m+fp/hard/crtbegin.o

.rel.dyn        0x0000000008000fa8        0x0
 .rel.iplt      0x0000000008000fa8        0x0 C:/ST/STM32CubeIDE_1.12.1/STM32CubeIDE/plugins/com.st.stm32cube.ide.mcu.externaltools.gnu-tools-for-stm32.11.3.rel1.win32_1.1.1.202309131626/tools/bin/../lib/gcc/arm-none-eabi/11.3.1/thumb/v7e-m+fp/hard/crtbegin.o

.rodata         0x0000000008000fa8        0x0
                0x0000000008000fa8                . = ALIGN (0x4)
 *(.rodata)
 *(.rodata*)
                0x0000000008000fa8                . = ALIGN (0x4)

.ARM.extab      0x0000000008000fa8        0x0
                0x0000000008000fa8                . = ALIGN (0x4)
 *(.ARM.extab* .gnu.linkonce.armextab.*)
                0x0000000008000fa8                . = ALIGN (0x4)

.ARM            0x0000000008000fa8        0x0
                0x0000000008000fa8                . = ALIGN (0x4)
                0x0000000008000fa8                __exidx_start = .
 *(.ARM.exidx*)
                0x0000000008000fa8                __exidx_end = .
                0x0000000008000fa8                . = ALIGN (0x4)

.preinit_array  0x0000000008000fa8        0x0
                0x0000000008000fa8                . = ALIGN (0x4)
                0x0000000008000fa8                PROVIDE (__preinit_array_start = .)
 *(.preinit_array*)
                0x0000000008000fa8                PROVIDE (__preinit_array_end = .)
                0x0000000008000fa8                . = ALIGN (0x4)

.init_array     0x0000000008000fa8        0x4
                0x0000000008000fa8                . = ALIGN (0x4)
                0x0000000008000fa8                PROVIDE (__init_array_start = .)
 *(SORT_BY_NAME(.init_array.*))
 *(.init_array*)
 .init_array    0x0000000008000fa8        0x4 C:/ST/STM32CubeIDE_1.12.1/STM32CubeIDE/plugins/com.st.stm32cube.ide.mcu.externaltools.gnu-tools-for-stm32.11.3.rel1.win32_1.1.1.202309131626/tools/bin/../lib/gcc/arm-none-eabi/11.3.1/thumb/v7e-m+fp/hard/crtbegin.o
                0x0000000008000fac                PROVIDE (__init_array_end = .)
                0x0000000008000fac                . = ALIGN (0x4)

.fini_array     0x0000000008000fac        0x4
                0x0000000008000fac                . = ALIGN (0x4)
                [!provide]                        PROVIDE (__fini_array_start = .)
 *(SORT_BY_NAME(.fini_array.*))
 *(.fini_array*)
 .fini_array    0x0000000008000fac        0x4 C:/ST/STM32CubeIDE_1.12.1/STM32CubeIDE/plugins/com.st.stm32cube.ide.mcu.externaltools.gnu-tools-for-stm32.11.3.rel1.win32_1.1.1.202309131626/tools/bin/../lib/gcc/arm-none-eabi/11.3.1/thumb/v7e-m+fp/hard/crtbegin.o
                [!provide]                        PROVIDE (__fini_array_end = .)
                0x0000000008000fb0                . = ALIGN (0x4)
                0x0000000008000fb0                _sidata = LOADADDR (.data)

.data           0x0000000020000000       0x54 load address 0x0000000008000fb0
                0x0000000020000000                . = ALIGN (0x4)
                0x0000000020000000                _sdata = .
 *(.data)
 *(.data*)
 .data.prescalerTable
                0x0000000020000000       0x20 ./Drivers/stm32f401_rcc.o
 .data.message  0x0000000020000020       0x32 ./Function_Examples/UART_Tx_Interrupt.o
                0x0000000020000020                message
 *(.RamFunc)
 *(.RamFunc*)
                0x0000000020000054                . = ALIGN (0x4)
 *fill*         0x0000000020000052        0x2 
                0x0000000020000054                _edata = .

.igot.plt       0x0000000020000054        0x0 load address 0x0000000008001004
 .igot.plt      0x0000000020000054        0x0 C:/ST/STM32CubeIDE_1.12.1/STM32CubeIDE/plugins/com.st.stm32cube.ide.mcu.externaltools.gnu-tools-for-stm32.11.3.rel1.win32_1.1.1.202309131626/tools/bin/../lib/gcc/arm-none-eabi/11.3.1/thumb/v7e-m+fp/hard/crtbegin.o
                0x0000000020000054                . = ALIGN (0x4)

.bss            0x0000000020000054       0x48 load address 0x0000000008001004
                0x0000000020000054                _sbss = .
                0x0000000020000054                __bss_start__ = _sbss
 *(.bss)
 .bss           0x0000000020000054       0x1c C:/ST/STM32CubeIDE_1.12.1/STM32CubeIDE/plugins/com.st.stm32cube.ide.mcu.externaltools.gnu-tools-for-stm32.11.3.rel1.win32_1.1.1.202309131626/tools/bin/../lib/gcc/arm-none-eabi/11.3.1/thumb/v7e-m+fp/hard/crtbegin.o
 *(.bss*)
 .bss.UART2     0x0000000020000070       0x14 ./Function_Examples/UART_Tx_Interrupt.o
                0x0000000020000070                UART2
 .bss.PortAPin5
                0x0000000020000084        0xc ./Function_Examples/UART_Tx_Interrupt.o
                0x0000000020000084                PortAPin5
 .bss.PortCPin13
                0x0000000020000090        0xc ./Function_Examples/UART_Tx_Interrupt.o
                0x0000000020000090                PortCPin13
 *(COMMON)
                0x000000002000009c                . = ALIGN (0x4)
                0x000000002000009c                _ebss = .
                0x000000002000009c                __bss_end__ = _ebss

._user_heap_stack
                0x000000002000009c      0x604 load address 0x0000000008001004
                0x00000000200000a0                . = ALIGN (0x8)
 *fill*         0x000000002000009c        0x4 
                [!provide]                        PROVIDE (end = .)
                0x00000000200000a0                PROVIDE (_end = .)
                0x00000000200002a0                . = (. + _Min_Heap_Size)
 *fill*         0x00000000200000a0      0x200 
                0x00000000200006a0                . = (. + _Min_Stack_Size)
 *fill*         0x00000000200002a0      0x400 
                0x00000000200006a0                . = ALIGN (0x8)

/DISCARD/
 libc.a(*)
 libm.a(*)
 libgcc.a(*)

.ARM.attributes
                0x0000000000000000       0x30
 *(.ARM.attributes)
 .ARM.attributes
                0x0000000000000000       0x1e C:/ST/STM32CubeIDE_1.12.1/STM32CubeIDE/plugins/com.st.stm32cube.ide.mcu.externaltools.gnu-tools-for-stm32.11.3.rel1.win32_1.1.1.202309131626/tools/bin/../lib/gcc/arm-none-eabi/11.3.1/thumb/v7e-m+fp/hard/crti.o
 .ARM.attributes
                0x000000000000001e       0x34 C:/ST/STM32CubeIDE_1.12.1/STM32CubeIDE/plugins/com.st.stm32cube.ide.mcu.externaltools.gnu-tools-for-stm32.11.3.rel1.win32_1.1.1.202309131626/tools/bin/../lib/gcc/arm-none-eabi/11.3.1/thumb/v7e-m+fp/hard/crtbegin.o
 .ARM.attributes
                0x0000000000000052       0x34 ./Drivers/stm32f401_gpio.o
 .ARM.attributes
                0x0000000000000086       0x34 ./Drivers/stm32f401_rcc.o
 .ARM.attributes
                0x00000000000000ba       0x34 ./Drivers/stm32f401_uart.o
 .ARM.attributes
                0x00000000000000ee       0x34 ./Function_Examples/UART_Tx_Interrupt.o
 .ARM.attributes
                0x0000000000000122       0x21 ./Startup/startup_stm32f401retx.o
 .ARM.attributes
                0x0000000000000143       0x34 C:/ST/STM32CubeIDE_1.12.1/STM32CubeIDE/plugins/com.st.stm32cube.ide.mcu.externaltools.gnu-tools-for-stm32.11.3.rel1.win32_1.1.1.202309131626/tools/bin/../lib/gcc/arm-none-eabi/11.3.1/../../../../arm-none-eabi/lib/thumb/v7e-m+fp/hard\libc_nano.a(libc_a-init.o)
 .ARM.attributes
                0x0000000000000177       0x1e C:/ST/STM32CubeIDE_1.12.1/STM32CubeIDE/plugins/com.st.stm32cube.ide.mcu.externaltools.gnu-tools-for-stm32.11.3.rel1.win32_1.1.1.202309131626/tools/bin/../lib/gcc/arm-none-eabi/11.3.1/thumb/v7e-m+fp/hard/crtn.o
OUTPUT(UART_Driver.elf elf32-littlearm)
LOAD linker stubs
LOAD C:/ST/STM32CubeIDE_1.12.1/STM32CubeIDE/plugins/com.st.stm32cube.ide.mcu.externaltools.gnu-tools-for-stm32.11.3.rel1.win32_1.1.1.202309131626/tools/bin/../lib/gcc/arm-none-eabi/11.3.1/../../../../arm-none-eabi/lib/thumb/v7e-m+fp/hard\libc.a
LOAD C:/ST/STM32CubeIDE_1.12.1/STM32CubeIDE/plugins/com.st.stm32cube.ide.mcu.externaltools.gnu-tools-for-stm32.11.3.rel1.win32_1.1.1.202309131626/tools/bin/../lib/gcc/arm-none-eabi/11.3.1/../../../../arm-none-eabi/lib/thumb/v7e-m+fp/hard\libm.a
LOAD C:/ST/STM32CubeIDE_1.12.1/STM32CubeIDE/plugins/com.st.stm32cube.ide.mcu.externaltools.gnu-tools-for-stm32.11.3.rel1.win32_1.1.1.202309131626/tools/bin/../lib/gcc/arm-none-eabi/11.3.1/thumb/v7e-m+fp/hard\libgcc.a

.comment        0x0000000000000000       0x43
 .comment       0x0000000000000000       0x43 C:/ST/STM32CubeIDE_1.12.1/STM32CubeIDE/plugins/com.st.stm32cube.ide.mcu.externaltools.gnu-tools-for-stm32.11.3.rel1.win32_1.1.1.202309131626/tools/bin/../lib/gcc/arm-none-eabi/11.3.1/thumb/v7e-m+fp/hard/crtbegin.o
                                         0x44 (size before relaxing)
 .comment       0x0000000000000043       0x44 ./Drivers/stm32f401_gpio.o
 .comment       0x0000000000000043       0x44 ./Drivers/stm32f401_rcc.o
 .comment       0x0000000000000043       0x44 ./Drivers/stm32f401_uart.o
 .comment       0x0000000000000043       0x44 ./Function_Examples/UART_Tx_Interrupt.o

.debug_info     0x0000000000000000     0x1fc1
 .debug_info    0x0000000000000000      0x98e ./Drivers/stm32f401_gpio.o
 .debug_info    0x000000000000098e      0x668 ./Drivers/stm32f401_rcc.o
 .debug_info    0x0000000000000ff6      0xaaa ./Drivers/stm32f401_uart.o
 .debug_info    0x0000000000001aa0      0x4fe ./Function_Examples/UART_Tx_Interrupt.o
 .debug_info    0x0000000000001f9e       0x23 ./Startup/startup_stm32f401retx.o

.debug_abbrev   0x0000000000000000      0x84c
 .debug_abbrev  0x0000000000000000      0x2b4 ./Drivers/stm32f401_gpio.o
 .debug_abbrev  0x00000000000002b4      0x1ab ./Drivers/stm32f401_rcc.o
 .debug_abbrev  0x000000000000045f      0x278 ./Drivers/stm32f401_uart.o
 .debug_abbrev  0x00000000000006d7      0x163 ./Function_Examples/UART_Tx_Interrupt.o
 .debug_abbrev  0x000000000000083a       0x12 ./Startup/startup_stm32f401retx.o

.debug_aranges  0x0000000000000000      0x1b8
 .debug_aranges
                0x0000000000000000       0x78 ./Drivers/stm32f401_gpio.o
 .debug_aranges
                0x0000000000000078       0x68 ./Drivers/stm32f401_rcc.o
 .debug_aranges
                0x00000000000000e0       0x88 ./Drivers/stm32f401_uart.o
 .debug_aranges
                0x0000000000000168       0x28 ./Function_Examples/UART_Tx_Interrupt.o
 .debug_aranges
                0x0000000000000190       0x28 ./Startup/startup_stm32f401retx.o

.debug_rnglists
                0x0000000000000000      0x13c
 .debug_rnglists
                0x0000000000000000       0x58 ./Drivers/stm32f401_gpio.o
 .debug_rnglists
                0x0000000000000058       0x4c ./Drivers/stm32f401_rcc.o
 .debug_rnglists
                0x00000000000000a4       0x66 ./Drivers/stm32f401_uart.o
 .debug_rnglists
                0x000000000000010a       0x19 ./Function_Examples/UART_Tx_Interrupt.o
 .debug_rnglists
                0x0000000000000123       0x19 ./Startup/startup_stm32f401retx.o

.debug_macro    0x0000000000000000     0xd451
 .debug_macro   0x0000000000000000       0xf0 ./Drivers/stm32f401_gpio.o
 .debug_macro   0x00000000000000f0       0x28 ./Drivers/stm32f401_gpio.o
 .debug_macro   0x0000000000000118       0x28 ./Drivers/stm32f401_gpio.o
 .debug_macro   0x0000000000000140       0x1c ./Drivers/stm32f401_gpio.o
 .debug_macro   0x000000000000015c       0x22 ./Drivers/stm32f401_gpio.o
 .debug_macro   0x000000000000017e       0xd9 ./Drivers/stm32f401_gpio.o
 .debug_macro   0x0000000000000257     0x102d ./Drivers/stm32f401_gpio.o
 .debug_macro   0x0000000000001284      0x11f ./Drivers/stm32f401_gpio.o
 .debug_macro   0x00000000000013a3     0xb86c ./Drivers/stm32f401_gpio.o
 .debug_macro   0x000000000000cc0f       0x6d ./Drivers/stm32f401_gpio.o
 .debug_macro   0x000000000000cc7c      0x2bc ./Drivers/stm32f401_gpio.o
 .debug_macro   0x000000000000cf38      0x142 ./Drivers/stm32f401_gpio.o
 .debug_macro   0x000000000000d07a       0xdd ./Drivers/stm32f401_rcc.o
 .debug_macro   0x000000000000d157       0xfb ./Drivers/stm32f401_uart.o
 .debug_macro   0x000000000000d252       0xf4 ./Drivers/stm32f401_uart.o
 .debug_macro   0x000000000000d346      0x10b ./Function_Examples/UART_Tx_Interrupt.o

.debug_line     0x0000000000000000     0x21ff
 .debug_line    0x0000000000000000      0xadd ./Drivers/stm32f401_gpio.o
 .debug_line    0x0000000000000add      0x7e8 ./Drivers/stm32f401_rcc.o
 .debug_line    0x00000000000012c5      0x919 ./Drivers/stm32f401_uart.o
 .debug_line    0x0000000000001bde      0x5a6 ./Function_Examples/UART_Tx_Interrupt.o
 .debug_line    0x0000000000002184       0x7b ./Startup/startup_stm32f401retx.o

.debug_str      0x0000000000000000    0x51729
 .debug_str     0x0000000000000000    0x50bf4 ./Drivers/stm32f401_gpio.o
                                      0x50da9 (size before relaxing)
 .debug_str     0x0000000000050bf4      0x2f5 ./Drivers/stm32f401_rcc.o
                                      0x506e1 (size before relaxing)
 .debug_str     0x0000000000050ee9      0x749 ./Drivers/stm32f401_uart.o
                                      0x513d7 (size before relaxing)
 .debug_str     0x0000000000051632       0xc8 ./Function_Examples/UART_Tx_Interrupt.o
                                      0x50e7e (size before relaxing)
 .debug_str     0x00000000000516fa       0x2f ./Startup/startup_stm32f401retx.o
                                         0x5d (size before relaxing)

.debug_frame    0x0000000000000000      0x614
 .debug_frame   0x0000000000000000      0x1e0 ./Drivers/stm32f401_gpio.o
 .debug_frame   0x00000000000001e0      0x194 ./Drivers/stm32f401_rcc.o
 .debug_frame   0x0000000000000374      0x228 ./Drivers/stm32f401_uart.o
 .debug_frame   0x000000000000059c       0x4c ./Function_Examples/UART_Tx_Interrupt.o
 .debug_frame   0x00000000000005e8       0x2c C:/ST/STM32CubeIDE_1.12.1/STM32CubeIDE/plugins/com.st.stm32cube.ide.mcu.externaltools.gnu-tools-for-stm32.11.3.rel1.win32_1.1.1.202309131626/tools/bin/../lib/gcc/arm-none-eabi/11.3.1/../../../../arm-none-eabi/lib/thumb/v7e-m+fp/hard\libc_nano.a(libc_a-init.o)

.debug_line_str
                0x0000000000000000       0x51
 .debug_line_str
                0x0000000000000000       0x51 ./Startup/startup_stm32f401retx.o
                                         0x69 (size before relaxing)
